warning: in the working copy of 'index.html', LF will be replaced by CRLF the next time Git touches it
warning: in the working copy of '.system_generated/logs/chunks/transcript/00000000.jsonl', LF will be replaced by CRLF the next time Git touches it
warning: in the working copy of '.system_generated/logs/chunks/transcript/00000001.jsonl', LF will be replaced by CRLF the next time Git touches it
warning: in the working copy of '.system_generated/logs/chunks/transcript/00000002.jsonl', LF will be replaced by CRLF the next time Git touches it
warning: in the working copy of '.system_generated/logs/chunks/transcript/00000003.jsonl', LF will be replaced by CRLF the next time Git touches it
warning: in the working copy of '.system_generated/logs/chunks/transcript/00000004.jsonl', LF will be replaced by CRLF the next time Git touches it
warning: in the working copy of '.system_generated/logs/chunks/transcript/00000005.jsonl', LF will be replaced by CRLF the next time Git touches it
warning: in the working copy of '.system_generated/logs/chunks/transcript/00000006.jsonl', LF will be replaced by CRLF the next time Git touches it
warning: in the working copy of '.system_generated/logs/chunks/transcript/00000007.jsonl', LF will be replaced by CRLF the next time Git touches it
warning: in the working copy of '.system_generated/logs/chunks/transcript/00000008.jsonl', LF will be replaced by CRLF the next time Git touches it
warning: in the working copy of '.system_generated/logs/chunks/transcript/00000009.jsonl', LF will be replaced by CRLF the next time Git touches it
warning: in the working copy of '.system_generated/logs/chunks/transcript/00000010.jsonl', LF will be replaced by CRLF the next time Git touches it
warning: in the working copy of '.system_generated/logs/chunks/transcript/00000011.jsonl', LF will be replaced by CRLF the next time Git touches it
warning: in the working copy of '.system_generated/logs/chunks/transcript/00000012.jsonl', LF will be replaced by CRLF the next time Git touches it
warning: in the working copy of '.system_generated/logs/chunks/transcript/00000013.jsonl', LF will be replaced by CRLF the next time Git touches it
warning: in the working copy of '.system_generated/logs/chunks/transcript/00000014.jsonl', LF will be replaced by CRLF the next time Git touches it
warning: in the working copy of '.system_generated/logs/chunks/transcript/00000015.jsonl', LF will be replaced by CRLF the next time Git touches it
warning: in the working copy of '.system_generated/logs/chunks/transcript/00000016.jsonl', LF will be replaced by CRLF the next time Git touches it
warning: in the working copy of '.system_generated/logs/chunks/transcript/00000017.jsonl', LF will be replaced by CRLF the next time Git touches it
warning: in the working copy of '.system_generated/logs/chunks/transcript_full/00000000.jsonl', LF will be replaced by CRLF the next time Git touches it
warning: in the working copy of '.system_generated/logs/chunks/transcript_full/00000001.jsonl', LF will be replaced by CRLF the next time Git touches it
warning: in the working copy of '.system_generated/logs/chunks/transcript_full/00000002.jsonl', LF will be replaced by CRLF the next time Git touches it
warning: in the working copy of '.system_generated/logs/chunks/transcript_full/00000003.jsonl', LF will be replaced by CRLF the next time Git touches it
warning: in the working copy of '.system_generated/logs/chunks/transcript_full/00000004.jsonl', LF will be replaced by CRLF the next time Git touches it
warning: in the working copy of '.system_generated/logs/chunks/transcript_full/00000005.jsonl', LF will be replaced by CRLF the next time Git touches it
warning: in the working copy of '.system_generated/logs/chunks/transcript_full/00000006.jsonl', LF will be replaced by CRLF the next time Git touches it
warning: in the working copy of '.system_generated/logs/chunks/transcript_full/00000007.jsonl', LF will be replaced by CRLF the next time Git touches it
warning: in the working copy of '.system_generated/logs/chunks/transcript_full/00000008.jsonl', LF will be replaced by CRLF the next time Git touches it
warning: in the working copy of '.system_generated/logs/chunks/transcript_full/00000009.jsonl', LF will be replaced by CRLF the next time Git touches it
warning: in the working copy of '.system_generated/logs/chunks/transcript_full/00000010.jsonl', LF will be replaced by CRLF the next time Git touches it
warning: in the working copy of '.system_generated/logs/chunks/transcript_full/00000011.jsonl', LF will be replaced by CRLF the next time Git touches it
warning: in the working copy of '.system_generated/logs/chunks/transcript_full/00000012.jsonl', LF will be replaced by CRLF the next time Git touches it
warning: in the working copy of '.system_generated/logs/chunks/transcript_full/00000013.jsonl', LF will be replaced by CRLF the next time Git touches it
warning: in the working copy of '.system_generated/logs/chunks/transcript_full/00000014.jsonl', LF will be replaced by CRLF the next time Git touches it
warning: in the working copy of '.system_generated/logs/chunks/transcript_full/00000015.jsonl', LF will be replaced by CRLF the next time Git touches it
warning: in the working copy of '.system_generated/logs/chunks/transcript_full/00000016.jsonl', LF will be replaced by CRLF the next time Git touches it
warning: in the working copy of '.system_generated/logs/chunks/transcript_full/00000017.jsonl', LF will be replaced by CRLF the next time Git touches it
warning: in the working copy of '.system_generated/logs/chunks/transcript_full/00000018.jsonl', LF will be replaced by CRLF the next time Git touches it
warning: in the working copy of '.system_generated/logs/chunks/transcript_full/00000019.jsonl', LF will be replaced by CRLF the next time Git touches it
warning: in the working copy of '.system_generated/logs/chunks/transcript_full/00000020.jsonl', LF will be replaced by CRLF the next time Git touches it
warning: in the working copy of '.system_generated/logs/chunks/transcript_full/00000021.jsonl', LF will be replaced by CRLF the next time Git touches it
warning: in the working copy of '.system_generated/logs/chunks/transcript_full/00000022.jsonl', LF will be replaced by CRLF the next time Git touches it
warning: in the working copy of '.system_generated/logs/chunks/transcript_full/00000023.jsonl', LF will be replaced by CRLF the next time Git touches it
warning: in the working copy of '.system_generated/logs/chunks/transcript_full/00000024.jsonl', LF will be replaced by CRLF the next time Git touches it
warning: in the working copy of '.system_generated/logs/chunks/transcript_full/00000025.jsonl', LF will be replaced by CRLF the next time Git touches it
warning: in the working copy of '.system_generated/logs/chunks/transcript_full/00000026.jsonl', LF will be replaced by CRLF the next time Git touches it
warning: in the working copy of '.system_generated/logs/chunks/transcript_full/00000027.jsonl', LF will be replaced by CRLF the next time Git touches it
warning: in the working copy of '.system_generated/logs/chunks/transcript_full/00000028.jsonl', LF will be replaced by CRLF the next time Git touches it
warning: in the working copy of '.system_generated/logs/chunks/transcript_full/00000029.jsonl', LF will be replaced by CRLF the next time Git touches it
warning: in the working copy of '.system_generated/logs/chunks/transcript_full/00000030.jsonl', LF will be replaced by CRLF the next time Git touches it
warning: in the working copy of '.system_generated/logs/chunks/transcript_full/00000031.jsonl', LF will be replaced by CRLF the next time Git touches it
warning: in the working copy of '.system_generated/logs/transcript.jsonl', LF will be replaced by CRLF the next time Git touches it
warning: in the working copy of '.system_generated/logs/transcript_full.jsonl', LF will be replaced by CRLF the next time Git touches it
warning: in the working copy of '.system_generated/steps/101/output.txt', LF will be replaced by CRLF the next time Git touches it
warning: in the working copy of '.system_generated/steps/107/output.txt', LF will be replaced by CRLF the next time Git touches it
warning: in the working copy of '.system_generated/steps/115/output.txt', LF will be replaced by CRLF the next time Git touches it
warning: in the working copy of '.system_generated/steps/12/output.txt', LF will be replaced by CRLF the next time Git touches it
warning: in the working copy of '.system_generated/steps/131/output.txt', LF will be replaced by CRLF the next time Git touches it
warning: in the working copy of '.system_generated/steps/133/output.txt', LF will be replaced by CRLF the next time Git touches it
warning: in the working copy of '.system_generated/steps/147/output.txt', LF will be replaced by CRLF the next time Git touches it
warning: in the working copy of '.system_generated/steps/155/output.txt', LF will be replaced by CRLF the next time Git touches it
warning: in the working copy of '.system_generated/steps/16/output.txt', LF will be replaced by CRLF the next time Git touches it
warning: in the working copy of '.system_generated/steps/163/output.txt', LF will be replaced by CRLF the next time Git touches it
warning: in the working copy of '.system_generated/steps/171/output.txt', LF will be replaced by CRLF the next time Git touches it
warning: in the working copy of '.system_generated/steps/175/output.txt', LF will be replaced by CRLF the next time Git touches it
warning: in the working copy of '.system_generated/steps/181/output.txt', LF will be replaced by CRLF the next time Git touches it
warning: in the working copy of '.system_generated/steps/191/output.txt', LF will be replaced by CRLF the next time Git touches it
warning: in the working copy of '.system_generated/steps/193/output.txt', LF will be replaced by CRLF the next time Git touches it
warning: in the working copy of '.system_generated/steps/199/output.txt', LF will be replaced by CRLF the next time Git touches it
warning: in the working copy of '.system_generated/steps/20/output.txt', LF will be replaced by CRLF the next time Git touches it
warning: in the working copy of '.system_generated/steps/203/output.txt', LF will be replaced by CRLF the next time Git touches it
warning: in the working copy of '.system_generated/steps/213/output.txt', LF will be replaced by CRLF the next time Git touches it
warning: in the working copy of '.system_generated/steps/225/output.txt', LF will be replaced by CRLF the next time Git touches it
warning: in the working copy of '.system_generated/steps/229/output.txt', LF will be replaced by CRLF the next time Git touches it
warning: in the working copy of '.system_generated/steps/235/output.txt', LF will be replaced by CRLF the next time Git touches it
warning: in the working copy of '.system_generated/steps/24/output.txt', LF will be replaced by CRLF the next time Git touches it
warning: in the working copy of '.system_generated/steps/241/output.txt', LF will be replaced by CRLF the next time Git touches it
warning: in the working copy of '.system_generated/steps/247/output.txt', LF will be replaced by CRLF the next time Git touches it
warning: in the working copy of '.system_generated/steps/257/output.txt', LF will be replaced by CRLF the next time Git touches it
warning: in the working copy of '.system_generated/steps/263/output.txt', LF will be replaced by CRLF the next time Git touches it
warning: in the working copy of '.system_generated/steps/273/output.txt', LF will be replaced by CRLF the next time Git touches it
warning: in the working copy of '.system_generated/steps/277/output.txt', LF will be replaced by CRLF the next time Git touches it
warning: in the working copy of '.system_generated/steps/28/output.txt', LF will be replaced by CRLF the next time Git touches it
warning: in the working copy of '.system_generated/steps/285/output.txt', LF will be replaced by CRLF the next time Git touches it
warning: in the working copy of '.system_generated/steps/289/output.txt', LF will be replaced by CRLF the next time Git touches it
warning: in the working copy of '.system_generated/steps/293/output.txt', LF will be replaced by CRLF the next time Git touches it
warning: in the working copy of '.system_generated/steps/307/output.txt', LF will be replaced by CRLF the next time Git touches it
warning: in the working copy of '.system_generated/steps/311/output.txt', LF will be replaced by CRLF the next time Git touches it
warning: in the working copy of '.system_generated/steps/32/output.txt', LF will be replaced by CRLF the next time Git touches it
warning: in the working copy of '.system_generated/steps/321/output.txt', LF will be replaced by CRLF the next time Git touches it
warning: in the working copy of '.system_generated/steps/323/output.txt', LF will be replaced by CRLF the next time Git touches it
warning: in the working copy of '.system_generated/steps/331/output.txt', LF will be replaced by CRLF the next time Git touches it
warning: in the working copy of '.system_generated/steps/339/output.txt', LF will be replaced by CRLF the next time Git touches it
warning: in the working copy of '.system_generated/steps/343/output.txt', LF will be replaced by CRLF the next time Git touches it
warning: in the working copy of '.system_generated/steps/349/output.txt', LF will be replaced by CRLF the next time Git touches it
warning: in the working copy of '.system_generated/steps/355/output.txt', LF will be replaced by CRLF the next time Git touches it
warning: in the working copy of '.system_generated/steps/36/output.txt', LF will be replaced by CRLF the next time Git touches it
warning: in the working copy of '.system_generated/steps/368/output.txt', LF will be replaced by CRLF the next time Git touches it
warning: in the working copy of '.system_generated/steps/370/output.txt', LF will be replaced by CRLF the next time Git touches it
warning: in the working copy of '.system_generated/steps/376/output.txt', LF will be replaced by CRLF the next time Git touches it
warning: in the working copy of '.system_generated/steps/378/output.txt', LF will be replaced by CRLF the next time Git touches it
warning: in the working copy of '.system_generated/steps/384/output.txt', LF will be replaced by CRLF the next time Git touches it
warning: in the working copy of '.system_generated/steps/386/output.txt', LF will be replaced by CRLF the next time Git touches it
warning: in the working copy of '.system_generated/steps/4/output.txt', LF will be replaced by CRLF the next time Git touches it
warning: in the working copy of '.system_generated/steps/40/output.txt', LF will be replaced by CRLF the next time Git touches it
warning: in the working copy of '.system_generated/steps/402/output.txt', LF will be replaced by CRLF the next time Git touches it
warning: in the working copy of '.system_generated/steps/406/output.txt', LF will be replaced by CRLF the next time Git touches it
warning: in the working copy of '.system_generated/steps/408/output.txt', LF will be replaced by CRLF the next time Git touches it
warning: in the working copy of '.system_generated/steps/418/output.txt', LF will be replaced by CRLF the next time Git touches it
warning: in the working copy of '.system_generated/steps/420/output.txt', LF will be replaced by CRLF the next time Git touches it
warning: in the working copy of '.system_generated/steps/428/output.txt', LF will be replaced by CRLF the next time Git touches it
warning: in the working copy of '.system_generated/steps/432/output.txt', LF will be replaced by CRLF the next time Git touches it
warning: in the working copy of '.system_generated/steps/434/output.txt', LF will be replaced by CRLF the next time Git touches it
warning: in the working copy of '.system_generated/steps/44/output.txt', LF will be replaced by CRLF the next time Git touches it
warning: in the working copy of '.system_generated/steps/442/output.txt', LF will be replaced by CRLF the next time Git touches it
warning: in the working copy of '.system_generated/steps/446/output.txt', LF will be replaced by CRLF the next time Git touches it
warning: in the working copy of '.system_generated/steps/448/output.txt', LF will be replaced by CRLF the next time Git touches it
warning: in the working copy of '.system_generated/steps/456/output.txt', LF will be replaced by CRLF the next time Git touches it
warning: in the working copy of '.system_generated/steps/458/output.txt', LF will be replaced by CRLF the next time Git touches it
warning: in the working copy of '.system_generated/steps/48/output.txt', LF will be replaced by CRLF the next time Git touches it
warning: in the working copy of '.system_generated/steps/480/output.txt', LF will be replaced by CRLF the next time Git touches it
warning: in the working copy of '.system_generated/steps/482/output.txt', LF will be replaced by CRLF the next time Git touches it
warning: in the working copy of '.system_generated/steps/486/output.txt', LF will be replaced by CRLF the next time Git touches it
warning: in the working copy of '.system_generated/steps/488/output.txt', LF will be replaced by CRLF the next time Git touches it
warning: in the working copy of '.system_generated/steps/502/output.txt', LF will be replaced by CRLF the next time Git touches it
warning: in the working copy of '.system_generated/steps/508/output.txt', LF will be replaced by CRLF the next time Git touches it
warning: in the working copy of '.system_generated/steps/510/output.txt', LF will be replaced by CRLF the next time Git touches it
warning: in the working copy of '.system_generated/steps/516/output.txt', LF will be replaced by CRLF the next time Git touches it
warning: in the working copy of '.system_generated/steps/518/output.txt', LF will be replaced by CRLF the next time Git touches it
warning: in the working copy of '.system_generated/steps/52/output.txt', LF will be replaced by CRLF the next time Git touches it
warning: in the working copy of '.system_generated/steps/526/output.txt', LF will be replaced by CRLF the next time Git touches it
warning: in the working copy of '.system_generated/steps/530/output.txt', LF will be replaced by CRLF the next time Git touches it
warning: in the working copy of '.system_generated/steps/532/output.txt', LF will be replaced by CRLF the next time Git touches it
warning: in the working copy of '.system_generated/steps/538/output.txt', LF will be replaced by CRLF the next time Git touches it
warning: in the working copy of '.system_generated/steps/540/output.txt', LF will be replaced by CRLF the next time Git touches it
warning: in the working copy of '.system_generated/steps/550/output.txt', LF will be replaced by CRLF the next time Git touches it
warning: in the working copy of '.system_generated/steps/552/output.txt', LF will be replaced by CRLF the next time Git touches it
warning: in the working copy of '.system_generated/steps/56/output.txt', LF will be replaced by CRLF the next time Git touches it
warning: in the working copy of '.system_generated/steps/568/output.txt', LF will be replaced by CRLF the next time Git touches it
warning: in the working copy of '.system_generated/steps/572/output.txt', LF will be replaced by CRLF the next time Git touches it
warning: in the working copy of '.system_generated/steps/574/output.txt', LF will be replaced by CRLF the next time Git touches it
warning: in the working copy of '.system_generated/steps/582/output.txt', LF will be replaced by CRLF the next time Git touches it
warning: in the working copy of '.system_generated/steps/586/output.txt', LF will be replaced by CRLF the next time Git touches it
warning: in the working copy of '.system_generated/steps/588/output.txt', LF will be replaced by CRLF the next time Git touches it
warning: in the working copy of '.system_generated/steps/603/output.txt', LF will be replaced by CRLF the next time Git touches it
warning: in the working copy of '.system_generated/steps/605/output.txt', LF will be replaced by CRLF the next time Git touches it
warning: in the working copy of '.system_generated/steps/607/output.txt', LF will be replaced by CRLF the next time Git touches it
warning: in the working copy of '.system_generated/steps/609/output.txt', LF will be replaced by CRLF the next time Git touches it
warning: in the working copy of '.system_generated/steps/621/output.txt', LF will be replaced by CRLF the next time Git touches it
warning: in the working copy of '.system_generated/steps/625/output.txt', LF will be replaced by CRLF the next time Git touches it
warning: in the working copy of '.system_generated/steps/629/output.txt', LF will be replaced by CRLF the next time Git touches it
warning: in the working copy of '.system_generated/steps/633/output.txt', LF will be replaced by CRLF the next time Git touches it
warning: in the working copy of '.system_generated/steps/637/output.txt', LF will be replaced by CRLF the next time Git touches it
warning: in the working copy of '.system_generated/steps/643/output.txt', LF will be replaced by CRLF the next time Git touches it
warning: in the working copy of '.system_generated/steps/645/output.txt', LF will be replaced by CRLF the next time Git touches it
warning: in the working copy of '.system_generated/steps/647/output.txt', LF will be replaced by CRLF the next time Git touches it
warning: in the working copy of '.system_generated/steps/65/output.txt', LF will be replaced by CRLF the next time Git touches it
warning: in the working copy of '.system_generated/steps/651/output.txt', LF will be replaced by CRLF the next time Git touches it
warning: in the working copy of '.system_generated/steps/653/output.txt', LF will be replaced by CRLF the next time Git touches it
warning: in the working copy of '.system_generated/steps/655/output.txt', LF will be replaced by CRLF the next time Git touches it
warning: in the working copy of '.system_generated/steps/699/output.txt', LF will be replaced by CRLF the next time Git touches it
warning: in the working copy of '.system_generated/steps/703/output.txt', LF will be replaced by CRLF the next time Git touches it
warning: in the working copy of '.system_generated/steps/713/output.txt', LF will be replaced by CRLF the next time Git touches it
warning: in the working copy of '.system_generated/steps/717/output.txt', LF will be replaced by CRLF the next time Git touches it
warning: in the working copy of '.system_generated/steps/73/output.txt', LF will be replaced by CRLF the next time Git touches it
warning: in the working copy of '.system_generated/steps/731/output.txt', LF will be replaced by CRLF the next time Git touches it
warning: in the working copy of '.system_generated/steps/739/output.txt', LF will be replaced by CRLF the next time Git touches it
warning: in the working copy of '.system_generated/steps/741/output.txt', LF will be replaced by CRLF the next time Git touches it
warning: in the working copy of '.system_generated/steps/743/output.txt', LF will be replaced by CRLF the next time Git touches it
warning: in the working copy of '.system_generated/steps/745/output.txt', LF will be replaced by CRLF the next time Git touches it
warning: in the working copy of '.system_generated/steps/749/output.txt', LF will be replaced by CRLF the next time Git touches it
warning: in the working copy of '.system_generated/steps/751/output.txt', LF will be replaced by CRLF the next time Git touches it
warning: in the working copy of '.system_generated/steps/759/output.txt', LF will be replaced by CRLF the next time Git touches it
warning: in the working copy of '.system_generated/steps/764/output.txt', LF will be replaced by CRLF the next time Git touches it
warning: in the working copy of '.system_generated/steps/766/output.txt', LF will be replaced by CRLF the next time Git touches it
warning: in the working copy of '.system_generated/steps/768/output.txt', LF will be replaced by CRLF the next time Git touches it
warning: in the working copy of '.system_generated/steps/770/output.txt', LF will be replaced by CRLF the next time Git touches it
warning: in the working copy of '.system_generated/steps/772/output.txt', LF will be replaced by CRLF the next time Git touches it
warning: in the working copy of '.system_generated/steps/774/output.txt', LF will be replaced by CRLF the next time Git touches it
warning: in the working copy of '.system_generated/steps/776/output.txt', LF will be replaced by CRLF the next time Git touches it
warning: in the working copy of '.system_generated/steps/791/output.txt', LF will be replaced by CRLF the next time Git touches it
warning: in the working copy of '.system_generated/steps/795/output.txt', LF will be replaced by CRLF the next time Git touches it
warning: in the working copy of '.system_generated/steps/797/output.txt', LF will be replaced by CRLF the next time Git touches it
warning: in the working copy of '.system_generated/steps/8/output.txt', LF will be replaced by CRLF the next time Git touches it
warning: in the working copy of '.system_generated/steps/801/output.txt', LF will be replaced by CRLF the next time Git touches it
warning: in the working copy of '.system_generated/steps/805/output.txt', LF will be replaced by CRLF the next time Git touches it
warning: in the working copy of '.system_generated/steps/811/output.txt', LF will be replaced by CRLF the next time Git touches it
warning: in the working copy of '.system_generated/steps/815/output.txt', LF will be replaced by CRLF the next time Git touches it
warning: in the working copy of '.system_generated/steps/817/output.txt', LF will be replaced by CRLF the next time Git touches it
warning: in the working copy of '.system_generated/steps/824/output.txt', LF will be replaced by CRLF the next time Git touches it
warning: in the working copy of '.system_generated/steps/844/output.txt', LF will be replaced by CRLF the next time Git touches it
warning: in the working copy of '.system_generated/steps/846/output.txt', LF will be replaced by CRLF the next time Git touches it
warning: in the working copy of '.system_generated/steps/868/output.txt', LF will be replaced by CRLF the next time Git touches it
warning: in the working copy of '.system_generated/steps/87/output.txt', LF will be replaced by CRLF the next time Git touches it
warning: in the working copy of '.system_generated/steps/870/output.txt', LF will be replaced by CRLF the next time Git touches it
warning: in the working copy of '.system_generated/steps/880/output.txt', LF will be replaced by CRLF the next time Git touches it
warning: in the working copy of '.system_generated/steps/883/output.txt', LF will be replaced by CRLF the next time Git touches it
warning: in the working copy of '.system_generated/steps/885/output.txt', LF will be replaced by CRLF the next time Git touches it
warning: in the working copy of '.system_generated/steps/887/output.txt', LF will be replaced by CRLF the next time Git touches it
warning: in the working copy of '.system_generated/steps/901/output.txt', LF will be replaced by CRLF the next time Git touches it
warning: in the working copy of '.system_generated/steps/91/output.txt', LF will be replaced by CRLF the next time Git touches it
warning: in the working copy of '.system_generated/steps/911/output.txt', LF will be replaced by CRLF the next time Git touches it
warning: in the working copy of '.system_generated/steps/913/output.txt', LF will be replaced by CRLF the next time Git touches it
warning: in the working copy of '.system_generated/steps/921/output.txt', LF will be replaced by CRLF the next time Git touches it
warning: in the working copy of '.system_generated/steps/923/output.txt', LF will be replaced by CRLF the next time Git touches it
warning: in the working copy of '.system_generated/steps/931/output.txt', LF will be replaced by CRLF the next time Git touches it
warning: in the working copy of '.system_generated/steps/933/output.txt', LF will be replaced by CRLF the next time Git touches it
warning: in the working copy of '.system_generated/steps/935/output.txt', LF will be replaced by CRLF the next time Git touches it
warning: in the working copy of '.system_generated/steps/945/output.txt', LF will be replaced by CRLF the next time Git touches it
warning: in the working copy of '.system_generated/steps/947/output.txt', LF will be replaced by CRLF the next time Git touches it
warning: in the working copy of '.system_generated/steps/953/output.txt', LF will be replaced by CRLF the next time Git touches it
warning: in the working copy of '.system_generated/steps/955/output.txt', LF will be replaced by CRLF the next time Git touches it
warning: in the working copy of '.system_generated/steps/961/output.txt', LF will be replaced by CRLF the next time Git touches it
warning: in the working copy of '.system_generated/steps/963/output.txt', LF will be replaced by CRLF the next time Git touches it
warning: in the working copy of '.system_generated/steps/969/output.txt', LF will be replaced by CRLF the next time Git touches it
warning: in the working copy of '.system_generated/steps/971/output.txt', LF will be replaced by CRLF the next time Git touches it
warning: in the working copy of '.system_generated/steps/99/output.txt', LF will be replaced by CRLF the next time Git touches it
warning: in the working copy of 'estudio_impacto_paro_whatif.md', LF will be replaced by CRLF the next time Git touches it
warning: in the working copy of 'estudio_impacto_paro_whatif.md.metadata.json', LF will be replaced by CRLF the next time Git touches it
warning: in the working copy of 'hyperbolic_3d_network.html.metadata.json', LF will be replaced by CRLF the next time Git touches it
warning: in the working copy of 'index.html.metadata.json', LF will be replaced by CRLF the next time Git touches it
warning: in the working copy of 'red_actores_turismo_valparaiso.html.metadata.json', LF will be replaced by CRLF the next time Git touches it
warning: in the working copy of 'red_ecosistema_kennedy.html.metadata.json', LF will be replaced by CRLF the next time Git touches it
[main 44207da] Eliminado Valparaiso. Repositorio enfocado 100% en la Red de Movilidad y Logistica de Kennedy Bogota
 262 files changed, 10105 insertions(+), 1330 deletions(-)
 create mode 100644 .system_generated/logs/chunks/transcript/00000000.jsonl
 create mode 100644 .system_generated/logs/chunks/transcript/00000001.jsonl
 create mode 100644 .system_generated/logs/chunks/transcript/00000002.jsonl
 create mode 100644 .system_generated/logs/chunks/transcript/00000003.jsonl
 create mode 100644 .system_generated/logs/chunks/transcript/00000004.jsonl
 create mode 100644 .system_generated/logs/chunks/transcript/00000005.jsonl
 create mode 100644 .system_generated/logs/chunks/transcript/00000006.jsonl
 create mode 100644 .system_generated/logs/chunks/transcript/00000007.jsonl
 create mode 100644 .system_generated/logs/chunks/transcript/00000008.jsonl
 create mode 100644 .system_generated/logs/chunks/transcript/00000009.jsonl
 create mode 100644 .system_generated/logs/chunks/transcript/00000010.jsonl
 create mode 100644 .system_generated/logs/chunks/transcript/00000011.jsonl
 create mode 100644 .system_generated/logs/chunks/transcript/00000012.jsonl
 create mode 100644 .system_generated/logs/chunks/transcript/00000013.jsonl
 create mode 100644 .system_generated/logs/chunks/transcript/00000014.jsonl
 create mode 100644 .system_generated/logs/chunks/transcript/00000015.jsonl
 create mode 100644 .system_generated/logs/chunks/transcript/00000016.jsonl
 create mode 100644 .system_generated/logs/chunks/transcript/00000017.jsonl
 create mode 100644 .system_generated/logs/chunks/transcript_full/00000000.jsonl
 create mode 100644 .system_generated/logs/chunks/transcript_full/00000001.jsonl
 create mode 100644 .system_generated/logs/chunks/transcript_full/00000002.jsonl
 create mode 100644 .system_generated/logs/chunks/transcript_full/00000003.jsonl
 create mode 100644 .system_generated/logs/chunks/transcript_full/00000004.jsonl
 create mode 100644 .system_generated/logs/chunks/transcript_full/00000005.jsonl
 create mode 100644 .system_generated/logs/chunks/transcript_full/00000006.jsonl
 create mode 100644 .system_generated/logs/chunks/transcript_full/00000007.jsonl
 create mode 100644 .system_generated/logs/chunks/transcript_full/00000008.jsonl
 create mode 100644 .system_generated/logs/chunks/transcript_full/00000009.jsonl
 create mode 100644 .system_generated/logs/chunks/transcript_full/00000010.jsonl
 create mode 100644 .system_generated/logs/chunks/transcript_full/00000011.jsonl
 create mode 100644 .system_generated/logs/chunks/transcript_full/00000012.jsonl
 create mode 100644 .system_generated/logs/chunks/transcript_full/00000013.jsonl
 create mode 100644 .system_generated/logs/chunks/transcript_full/00000014.jsonl
 create mode 100644 .system_generated/logs/chunks/transcript_full/00000015.jsonl
 create mode 100644 .system_generated/logs/chunks/transcript_full/00000016.jsonl
 create mode 100644 .system_generated/logs/chunks/transcript_full/00000017.jsonl
 create mode 100644 .system_generated/logs/chunks/transcript_full/00000018.jsonl
 create mode 100644 .system_generated/logs/chunks/transcript_full/00000019.jsonl
 create mode 100644 .system_generated/logs/chunks/transcript_full/00000020.jsonl
 create mode 100644 .system_generated/logs/chunks/transcript_full/00000021.jsonl
 create mode 100644 .system_generated/logs/chunks/transcript_full/00000022.jsonl
 create mode 100644 .system_generated/logs/chunks/transcript_full/00000023.jsonl
 create mode 100644 .system_generated/logs/chunks/transcript_full/00000024.jsonl
 create mode 100644 .system_generated/logs/chunks/transcript_full/00000025.jsonl
 create mode 100644 .system_generated/logs/chunks/transcript_full/00000026.jsonl
 create mode 100644 .system_generated/logs/chunks/transcript_full/00000027.jsonl
 create mode 100644 .system_generated/logs/chunks/transcript_full/00000028.jsonl
 create mode 100644 .system_generated/logs/chunks/transcript_full/00000029.jsonl
 create mode 100644 .system_generated/logs/chunks/transcript_full/00000030.jsonl
 create mode 100644 .system_generated/logs/chunks/transcript_full/00000031.jsonl
 create mode 100644 .system_generated/logs/transcript.jsonl
 create mode 100644 .system_generated/logs/transcript_full.jsonl
 create mode 100644 .system_generated/messages/1c6e1d51-5344-4c8b-8b9b-062a4fd6565d.json
 create mode 100644 .system_generated/messages/1e5b44ca-08df-413a-8976-2c3333588f97.json
 create mode 100644 .system_generated/messages/8d0def48-2ab6-4315-b91b-6e0c4e3fc4f6.json
 create mode 100644 .system_generated/messages/92ffcd29-edc3-4540-93d9-d1859ca83ab0.json
 create mode 100644 .system_generated/messages/9de3af03-575c-452b-9409-d28af8609781.json
 create mode 100644 .system_generated/messages/b7287fab-236d-48e4-a2b5-b41737540bce.json
 create mode 100644 .system_generated/messages/read.json
 create mode 100644 .system_generated/steps/101/output.txt
 create mode 100644 .system_generated/steps/107/output.txt
 create mode 100644 .system_generated/steps/115/output.txt
 create mode 100644 .system_generated/steps/12/output.txt
 create mode 100644 .system_generated/steps/131/output.txt
 create mode 100644 .system_generated/steps/133/output.txt
 create mode 100644 .system_generated/steps/147/output.txt
 create mode 100644 .system_generated/steps/155/output.txt
 create mode 100644 .system_generated/steps/16/output.txt
 create mode 100644 .system_generated/steps/163/output.txt
 create mode 100644 .system_generated/steps/171/output.txt
 create mode 100644 .system_generated/steps/175/output.txt
 create mode 100644 .system_generated/steps/181/output.txt
 create mode 100644 .system_generated/steps/191/output.txt
 create mode 100644 .system_generated/steps/193/output.txt
 create mode 100644 .system_generated/steps/199/output.txt
 create mode 100644 .system_generated/steps/20/output.txt
 create mode 100644 .system_generated/steps/203/output.txt
 create mode 100644 .system_generated/steps/213/output.txt
 create mode 100644 .system_generated/steps/225/output.txt
 create mode 100644 .system_generated/steps/229/output.txt
 create mode 100644 .system_generated/steps/235/output.txt
 create mode 100644 .system_generated/steps/24/output.txt
 create mode 100644 .system_generated/steps/241/output.txt
 create mode 100644 .system_generated/steps/247/output.txt
 create mode 100644 .system_generated/steps/257/output.txt
 create mode 100644 .system_generated/steps/263/output.txt
 create mode 100644 .system_generated/steps/273/output.txt
 create mode 100644 .system_generated/steps/277/output.txt
 create mode 100644 .system_generated/steps/28/output.txt
 create mode 100644 .system_generated/steps/285/output.txt
 create mode 100644 .system_generated/steps/289/output.txt
 create mode 100644 .system_generated/steps/293/output.txt
 create mode 100644 .system_generated/steps/307/output.txt
 create mode 100644 .system_generated/steps/311/output.txt
 create mode 100644 .system_generated/steps/32/output.txt
 create mode 100644 .system_generated/steps/321/output.txt
 create mode 100644 .system_generated/steps/323/output.txt
 create mode 100644 .system_generated/steps/331/output.txt
 create mode 100644 .system_generated/steps/339/output.txt
 create mode 100644 .system_generated/steps/343/output.txt
 create mode 100644 .system_generated/steps/349/output.txt
 create mode 100644 .system_generated/steps/355/output.txt
 create mode 100644 .system_generated/steps/36/output.txt
 create mode 100644 .system_generated/steps/368/output.txt
 create mode 100644 .system_generated/steps/370/output.txt
 create mode 100644 .system_generated/steps/376/output.txt
 create mode 100644 .system_generated/steps/378/output.txt
 create mode 100644 .system_generated/steps/384/output.txt
 create mode 100644 .system_generated/steps/386/output.txt
 create mode 100644 .system_generated/steps/398/output.txt
 create mode 100644 .system_generated/steps/4/output.txt
 create mode 100644 .system_generated/steps/40/output.txt
 create mode 100644 .system_generated/steps/402/output.txt
 create mode 100644 .system_generated/steps/406/output.txt
 create mode 100644 .system_generated/steps/408/output.txt
 create mode 100644 .system_generated/steps/418/output.txt
 create mode 100644 .system_generated/steps/420/output.txt
 create mode 100644 .system_generated/steps/428/output.txt
 create mode 100644 .system_generated/steps/432/output.txt
 create mode 100644 .system_generated/steps/434/output.txt
 create mode 100644 .system_generated/steps/44/output.txt
 create mode 100644 .system_generated/steps/442/output.txt
 create mode 100644 .system_generated/steps/446/output.txt
 create mode 100644 .system_generated/steps/448/output.txt
 create mode 100644 .system_generated/steps/456/output.txt
 create mode 100644 .system_generated/steps/458/output.txt
 create mode 100644 .system_generated/steps/474/output.txt
 create mode 100644 .system_generated/steps/48/output.txt
 create mode 100644 .system_generated/steps/480/output.txt
 create mode 100644 .system_generated/steps/482/output.txt
 create mode 100644 .system_generated/steps/486/output.txt
 create mode 100644 .system_generated/steps/488/output.txt
 create mode 100644 .system_generated/steps/502/output.txt
 create mode 100644 .system_generated/steps/508/output.txt
 create mode 100644 .system_generated/steps/510/output.txt
 create mode 100644 .system_generated/steps/516/output.txt
 create mode 100644 .system_generated/steps/518/output.txt
 create mode 100644 .system_generated/steps/52/output.txt
 create mode 100644 .system_generated/steps/526/output.txt
 create mode 100644 .system_generated/steps/530/output.txt
 create mode 100644 .system_generated/steps/532/output.txt
 create mode 100644 .system_generated/steps/538/output.txt
 create mode 100644 .system_generated/steps/540/output.txt
 create mode 100644 .system_generated/steps/550/output.txt
 create mode 100644 .system_generated/steps/552/output.txt
 create mode 100644 .system_generated/steps/56/output.txt
 create mode 100644 .system_generated/steps/564/output.txt
 create mode 100644 .system_generated/steps/568/output.txt
 create mode 100644 .system_generated/steps/572/output.txt
 create mode 100644 .system_generated/steps/574/output.txt
 create mode 100644 .system_generated/steps/582/output.txt
 create mode 100644 .system_generated/steps/586/output.txt
 create mode 100644 .system_generated/steps/588/output.txt
 create mode 100644 .system_generated/steps/603/output.txt
 create mode 100644 .system_generated/steps/605/output.txt
 create mode 100644 .system_generated/steps/607/output.txt
 create mode 100644 .system_generated/steps/609/output.txt
 create mode 100644 .system_generated/steps/617/output.txt
 create mode 100644 .system_generated/steps/621/output.txt
 create mode 100644 .system_generated/steps/625/output.txt
 create mode 100644 .system_generated/steps/629/output.txt
 create mode 100644 .system_generated/steps/633/output.txt
 create mode 100644 .system_generated/steps/637/output.txt
 create mode 100644 .system_generated/steps/643/output.txt
 create mode 100644 .system_generated/steps/645/output.txt
 create mode 100644 .system_generated/steps/647/output.txt
 create mode 100644 .system_generated/steps/65/output.txt
 create mode 100644 .system_generated/steps/651/output.txt
 create mode 100644 .system_generated/steps/653/output.txt
 create mode 100644 .system_generated/steps/655/output.txt
 create mode 100644 .system_generated/steps/699/output.txt
 create mode 100644 .system_generated/steps/703/output.txt
 create mode 100644 .system_generated/steps/713/output.txt
 create mode 100644 .system_generated/steps/717/output.txt
 create mode 100644 .system_generated/steps/725/output.txt
 create mode 100644 .system_generated/steps/727/output.txt
 create mode 100644 .system_generated/steps/73/output.txt
 create mode 100644 .system_generated/steps/731/output.txt
 create mode 100644 .system_generated/steps/739/output.txt
 create mode 100644 .system_generated/steps/741/output.txt
 create mode 100644 .system_generated/steps/743/output.txt
 create mode 100644 .system_generated/steps/745/output.txt
 create mode 100644 .system_generated/steps/749/output.txt
 create mode 100644 .system_generated/steps/751/output.txt
 create mode 100644 .system_generated/steps/759/output.txt
 create mode 100644 .system_generated/steps/764/output.txt
 create mode 100644 .system_generated/steps/766/output.txt
 create mode 100644 .system_generated/steps/768/output.txt
 create mode 100644 .system_generated/steps/770/output.txt
 create mode 100644 .system_generated/steps/772/output.txt
 create mode 100644 .system_generated/steps/774/output.txt
 create mode 100644 .system_generated/steps/776/output.txt
 create mode 100644 .system_generated/steps/791/output.txt
 create mode 100644 .system_generated/steps/795/output.txt
 create mode 100644 .system_generated/steps/797/output.txt
 create mode 100644 .system_generated/steps/8/output.txt
 create mode 100644 .system_generated/steps/801/output.txt
 create mode 100644 .system_generated/steps/805/output.txt
 create mode 100644 .system_generated/steps/811/output.txt
 create mode 100644 .system_generated/steps/815/output.txt
 create mode 100644 .system_generated/steps/817/output.txt
 create mode 100644 .system_generated/steps/824/output.txt
 create mode 100644 .system_generated/steps/844/output.txt
 create mode 100644 .system_generated/steps/846/output.txt
 create mode 100644 .system_generated/steps/868/output.txt
 create mode 100644 .system_generated/steps/87/output.txt
 create mode 100644 .system_generated/steps/870/output.txt
 create mode 100644 .system_generated/steps/880/output.txt
 create mode 100644 .system_generated/steps/883/output.txt
 create mode 100644 .system_generated/steps/885/output.txt
 create mode 100644 .system_generated/steps/887/output.txt
 create mode 100644 .system_generated/steps/899/output.txt
 create mode 100644 .system_generated/steps/901/output.txt
 create mode 100644 .system_generated/steps/91/output.txt
 create mode 100644 .system_generated/steps/911/output.txt
 create mode 100644 .system_generated/steps/913/output.txt
 create mode 100644 .system_generated/steps/921/output.txt
 create mode 100644 .system_generated/steps/923/output.txt
 create mode 100644 .system_generated/steps/929/output.txt
 create mode 100644 .system_generated/steps/931/output.txt
 create mode 100644 .system_generated/steps/933/output.txt
 create mode 100644 .system_generated/steps/935/output.txt
 create mode 100644 .system_generated/steps/945/output.txt
 create mode 100644 .system_generated/steps/947/output.txt
 create mode 100644 .system_generated/steps/953/output.txt
 create mode 100644 .system_generated/steps/955/output.txt
 create mode 100644 .system_generated/steps/961/output.txt
 create mode 100644 .system_generated/steps/963/output.txt
 create mode 100644 .system_generated/steps/969/output.txt
 create mode 100644 .system_generated/steps/971/output.txt
 create mode 100644 .system_generated/steps/99/output.txt
 create mode 100644 .tempmediaStorage/media_1791405026047.png
 create mode 100644 .tempmediaStorage/media_1791405497887.png
 create mode 100644 .tempmediaStorage/media_1791405667001.png
 create mode 100644 .tempmediaStorage/media_1791405787508.png
 create mode 100644 .user_uploaded/media_1791155527029.png
 create mode 100644 .user_uploaded/media_1791155998883.xlsx
 create mode 100644 .user_uploaded/media_1791157056356.png
 create mode 100644 .user_uploaded/media_1791157186760.png
 create mode 100644 .user_uploaded/media_1791157297388.png
 create mode 100644 .user_uploaded/media_1791158279927.png
 create mode 100644 .user_uploaded/media_1791158303289.png
 create mode 100644 .user_uploaded/media_1791158487080.png
 create mode 100644 .user_uploaded/media_1791158553416.png
 create mode 100644 .user_uploaded/media_1791158609299.png
 create mode 100644 .user_uploaded/media_1791158814044.png
 create mode 100644 .user_uploaded/media_1791232242083.jpg
 create mode 100644 .user_uploaded/media_1791232262384.png
 create mode 100644 .user_uploaded/media_1791232276919.png
 create mode 100644 .user_uploaded/media_1791405016486.png
 create mode 100644 .user_uploaded/media_1791405487376.png
 create mode 100644 .user_uploaded/media_1791405644875.png
 create mode 100644 .user_uploaded/media_1791405779451.png
 create mode 100644 estudio_impacto_paro_whatif.md
 create mode 100644 estudio_impacto_paro_whatif.md.metadata.json
 create mode 100644 hyperbolic_3d_network.html.metadata.json
 create mode 100644 index.html.metadata.json
 delete mode 100644 red_actores_turismo_valparaiso.html
 create mode 100644 red_actores_turismo_valparaiso.html.metadata.json
 create mode 100644 red_ecosistema_kennedy.html.metadata.json
 delete mode 100644 valparaiso.html
To https://github.com/alejagoguti-cpu/red.git
   db83dac..44207da  main -> main
